{
    "code": 404,
    "message": "There is no placed order with with token NOT_EXISTING_TOKEN"
}
