{
    "code": 404,
    "message": "Channel has not been found."
}
