{
    "code": 404,
    "message": "Cart with given token does not exist!"
}
